com.hedera.hashgraph.sdk.BatchTransactionTest.shouldSerialize=[
  "# com.hedera.hashgraph.sdk.proto.TransactionBody\natomic_batch {\n  transactions: \"\\n\\233\\001\\n\\r\\n\\006\\b\\316\\247\\212\\345\\005\\022\\003\\030\\216\\'\\022\\003\\030\\215\\'\\030\\240\\215\\006\\\"\\002\\bxZW\\n\\\"\\022 \\340\\310\\354\\'X\\245\\207\\237\\372\\302&\\241<\\fQky\\236r\\343QA\\240\\335\\202\\217\\224\\323y\\210\\244\\267\\020\\302\\003@\\001J\\004\\b\\240\\231\\002j\\tsome memopdz\\002\\030\\003\\222\\001\\024\\\\V.\\220\\376\\257\\016\\353\\323>\\247]!\\002O$\\235E\\024\\027\\312\\004#:!\\002Gx\\024\\037\\377\\344b\\333\\263\\201|\\223\\344%+-o_Vg\\372q\\363K\\204(\\002e\\300\\035@\\217\\022f\\nd\\n \\340\\310\\354\\'X\\245\\207\\237\\372\\302&\\241<\\fQky\\236r\\343QA\\240\\335\\202\\217\\224\\323y\\210\\244\\267\\032\\037u\\366\\305\\vr7\\373\\367\\b\\354\\003\\215\\032\\016\\344\\352\\216S%\\256\\\\\\210~0n\\344jJ\\203s\\324\\2569\\310Sk\\354J\\347\\000I\\300\\a\\255\\210P\\235d\\357\\244(F\\324T\\215\\352j \\343\\025\\223\\016\"\n  transactions: \"\\n\\233\\001\\n\\r\\n\\006\\b\\316\\247\\212\\345\\005\\022\\003\\030\\216\\'\\022\\003\\030\\215\\'\\030\\240\\215\\006\\\"\\002\\bxZW\\n\\\"\\022 \\340\\310\\354\\'X\\245\\207\\237\\372\\302&\\241<\\fQky\\236r\\343QA\\240\\335\\202\\217\\224\\323y\\210\\244\\267\\020\\302\\003@\\001J\\004\\b\\240\\231\\002j\\tsome memopdz\\002\\030\\003\\222\\001\\024\\\\V.\\220\\376\\257\\016\\353\\323>\\247]!\\002O$\\235E\\024\\027\\312\\004#:!\\002Gx\\024\\037\\377\\344b\\333\\263\\201|\\223\\344%+-o_Vg\\372q\\363K\\204(\\002e\\300\\035@\\217\\022f\\nd\\n \\340\\310\\354\\'X\\245\\207\\237\\372\\302&\\241<\\fQky\\236r\\343QA\\240\\335\\202\\217\\224\\323y\\210\\244\\267\\032\\037u\\366\\305\\vr7\\373\\367\\b\\354\\003\\215\\032\\016\\344\\352\\216S%\\256\\\\\\210~0n\\344jJ\\203s\\324\\2569\\310Sk\\354J\\347\\000I\\300\\a\\255\\210P\\235d\\357\\244(F\\324T\\215\\352j \\343\\025\\223\\016\"\n  transactions: \"\\n\\233\\001\\n\\r\\n\\006\\b\\316\\247\\212\\345\\005\\022\\003\\030\\216\\'\\022\\003\\030\\215\\'\\030\\240\\215\\006\\\"\\002\\bxZW\\n\\\"\\022 \\340\\310\\354\\'X\\245\\207\\237\\372\\302&\\241<\\fQky\\236r\\343QA\\240\\335\\202\\217\\224\\323y\\210\\244\\267\\020\\302\\003@\\001J\\004\\b\\240\\231\\002j\\tsome memopdz\\002\\030\\003\\222\\001\\024\\\\V.\\220\\376\\257\\016\\353\\323>\\247]!\\002O$\\235E\\024\\027\\312\\004#:!\\002Gx\\024\\037\\377\\344b\\333\\263\\201|\\223\\344%+-o_Vg\\372q\\363K\\204(\\002e\\300\\035@\\217\\022f\\nd\\n \\340\\310\\354\\'X\\245\\207\\237\\372\\302&\\241<\\fQky\\236r\\343QA\\240\\335\\202\\217\\224\\323y\\210\\244\\267\\032\\037u\\366\\305\\vr7\\373\\367\\b\\354\\003\\215\\032\\016\\344\\352\\216S%\\256\\\\\\210~0n\\344jJ\\203s\\324\\2569\\310Sk\\354J\\347\\000I\\300\\a\\255\\210P\\235d\\357\\244(F\\324T\\215\\352j \\343\\025\\223\\016\"\n}\nnode_account_i_d {\n  account_num: 5005\n  realm_num: 0\n  shard_num: 0\n}\ntransaction_fee: 200000000\ntransaction_i_d {\n  account_i_d {\n    account_num: 5006\n    realm_num: 0\n    shard_num: 0\n  }\n  transaction_valid_start {\n    seconds: 1554158542\n  }\n}\ntransaction_valid_duration {\n  seconds: 120\n}"
]