com.hedera.hashgraph.sdk.FileIdTest.fromBytes=[
  "0.0.5005"
]


com.hedera.hashgraph.sdk.FileIdTest.fromSolidityAddress=[
  "0.0.5005"
]


com.hedera.hashgraph.sdk.FileIdTest.getAddressBookFileIdForReturnsCorrectFileId=[
  "5.10.102"
]


com.hedera.hashgraph.sdk.FileIdTest.getExchangeRatesFileIdForReturnsCorrectFileId=[
  "3.9.112"
]


com.hedera.hashgraph.sdk.FileIdTest.getFeeScheduleFileIdForReturnsCorrectFileId=[
  "7.12.111"
]


com.hedera.hashgraph.sdk.FileIdTest.shouldSerializeFromString=[
  "0.0.5005"
]


com.hedera.hashgraph.sdk.FileIdTest.toBytes=[
  "188d27"
]


com.hedera.hashgraph.sdk.FileIdTest.toSolidityAddress=[
  "000000000000000000000000000000000000138d"
]